[    0.000000] Linux version 4.15.0-200-generic (buildd@lcy02-amd64-069) (gcc version 7.5.0 (Ubuntu 7.5.0-3ubuntu1~18.04)) #211-Ubuntu SMP Thu Nov 24 18:16:04 UTC 2022 (Ubuntu 4.15.0-200.211-generic 4.15.18)
[    0.000000] Command line: BOOT_IMAGE=/boot/vmlinuz-4.15.0-200-generic root=LABEL=cloudimg-rootfs ro console=tty1 console=ttyS0
[    0.000000] KERNEL supported cpus:
[    0.000000]   Intel GenuineIntel
[    0.000000]   AMD AuthenticAMD
[    0.000000]   Centaur CentaurHauls
[    0.000000] x86/fpu: Supporting XSAVE feature 0x001: 'x87 floating point registers'
[    0.000000] x86/fpu: Supporting XSAVE feature 0x002: 'SSE registers'
[    0.000000] x86/fpu: Supporting XSAVE feature 0x004: 'AVX registers'
[    0.000000] x86/fpu: xstate_offset[2]:  576, xstate_sizes[2]:  256
[    0.000000] x86/fpu: Enabled xstate features 0x7, context size is 832 bytes, using 'standard' format.
[    0.000000] e820: BIOS-provided physical RAM map:
[    0.000000] BIOS-e820: [mem 0x0000000000000000-0x000000000009fbff] usable
[    0.000000] BIOS-e820: [mem 0x000000000009fc00-0x000000000009ffff] reserved
[    0.000000] BIOS-e820: [mem 0x00000000000f0000-0x00000000000fffff] reserved
[    0.000000] BIOS-e820: [mem 0x0000000000100000-0x000000003ffeffff] usable
[    0.000000] BIOS-e820: [mem 0x000000003fff0000-0x000000003fffffff] ACPI data
[    0.000000] BIOS-e820: [mem 0x00000000fec00000-0x00000000fec00fff] reserved
[    0.000000] BIOS-e820: [mem 0x00000000fee00000-0x00000000fee00fff] reserved
[    0.000000] BIOS-e820: [mem 0x00000000fffc0000-0x00000000ffffffff] reserved
[    0.000000] NX (Execute Disable) protection: active
[    0.000000] SMBIOS 2.5 present.
[    0.000000] DMI: innotek GmbH VirtualBox/VirtualBox, BIOS VirtualBox 12/01/2006
[    0.000000] Hypervisor detected: KVM
[    0.000000] e820: last_pfn = 0x3fff0 max_arch_pfn = 0x400000000
[    0.000000] MTRR: Disabled
[    0.000000] x86/PAT: MTRRs disabled, skipping PAT initialization too.
[    0.000000] CPU MTRRs all blank - virtualized system.
[    0.000000] x86/PAT: Configuration [0-7]: WB  WT  UC- UC  WB  WT  UC- UC  
[    0.000000] found SMP MP-table at [mem 0x0009fff0-0x0009ffff]
[    0.000000] Scanning 1 areas for low memory corruption
[    0.000000] RAMDISK: [mem 0x359c9000-0x36cdbfff]
[    0.000000] ACPI: Early table checksum verification disabled
[    0.000000] ACPI: RSDP 0x00000000000E0000 000024 (v02 VBOX  )
[    0.000000] ACPI: XSDT 0x000000003FFF0030 00003C (v01 VBOX   VBOXXSDT 00000001 ASL  00000061)
[    0.000000] ACPI: FACP 0x000000003FFF00F0 0000F4 (v04 VBOX   VBOXFACP 00000001 ASL  00000061)
[    0.000000] ACPI: DSDT 0x000000003FFF0470 002325 (v02 VBOX   VBOXBIOS 00000002 INTL 20100528)
[    0.000000] ACPI: FACS 0x000000003FFF0200 000040
[    0.000000] ACPI: FACS 0x000000003FFF0200 000040
[    0.000000] ACPI: APIC 0x000000003FFF0240 00005C (v02 VBOX   VBOXAPIC 00000001 ASL  00000061)
[    0.000000] ACPI: SSDT 0x000000003FFF02A0 0001CC (v01 VBOX   VBOXCPUT 00000002 INTL 20100528)
[    0.000000] ACPI: Reserving FACP table memory at [mem 0x3fff00f0-0x3fff01e3]
[    0.000000] ACPI: Reserving DSDT table memory at [mem 0x3fff0470-0x3fff2794]
[    0.000000] ACPI: Reserving FACS table memory at [mem 0x3fff0200-0x3fff023f]
[    0.000000] ACPI: Reserving FACS table memory at [mem 0x3fff0200-0x3fff023f]
[    0.000000] ACPI: Reserving APIC table memory at [mem 0x3fff0240-0x3fff029b]
[    0.000000] ACPI: Reserving SSDT table memory at [mem 0x3fff02a0-0x3fff046b]
[    0.000000] No NUMA configuration found
[    0.000000] Faking a node at [mem 0x0000000000000000-0x000000003ffeffff]
[    0.000000] NODE_DATA(0) allocated [mem 0x3ffc5000-0x3ffeffff]
[    0.000000] kvm-clock: cpu 0, msr 0:3ff44001, primary cpu clock
[    0.000000] kvm-clock: Using msrs 4b564d01 and 4b564d00
[    0.000000] kvm-clock: using sched offset of 7981346165 cycles
[    0.000000] clocksource: kvm-clock: mask: 0xffffffffffffffff max_cycles: 0x1cd42e4dffb, max_idle_ns: 881590591483 ns
[    0.000000] Zone ranges:
[    0.000000]   DMA      [mem 0x0000000000001000-0x0000000000ffffff]
[    0.000000]   DMA32    [mem 0x0000000001000000-0x000000003ffeffff]
[    0.000000]   Normal   empty
[    0.000000]   Device   empty
[    0.000000] Movable zone start for each node
[    0.000000] Early memory node ranges
[    0.000000]   node   0: [mem 0x0000000000001000-0x000000000009efff]
[    0.000000]   node   0: [mem 0x0000000000100000-0x000000003ffeffff]
[    0.000000] Reserved but unavailable: 104 pages
[    0.000000] Initmem setup node 0 [mem 0x0000000000001000-0x000000003ffeffff]
[    0.000000] ACPI: PM-Timer IO Port: 0x4008
[    0.000000] IOAPIC[0]: apic_id 2, version 32, address 0xfec00000, GSI 0-23
[    0.000000] ACPI: INT_SRC_OVR (bus 0 bus_irq 0 global_irq 2 dfl dfl)
[    0.000000] ACPI: INT_SRC_OVR (bus 0 bus_irq 9 global_irq 9 low level)
[    0.000000] Using ACPI (MADT) for SMP configuration information
[    0.000000] smpboot: Allowing 2 CPUs, 0 hotplug CPUs
[    0.000000] PM: Registered nosave memory: [mem 0x00000000-0x00000fff]
[    0.000000] PM: Registered nosave memory: [mem 0x0009f000-0x0009ffff]
[    0.000000] PM: Registered nosave memory: [mem 0x000a0000-0x000effff]
[    0.000000] PM: Registered nosave memory: [mem 0x000f0000-0x000fffff]
[    0.000000] e820: [mem 0x40000000-0xfebfffff] available for PCI devices
[    0.000000] Booting paravirtualized kernel on KVM
[    0.000000] clocksource: refined-jiffies: mask: 0xffffffff max_cycles: 0xffffffff, max_idle_ns: 7645519600211568 ns
[    0.000000] setup_percpu: NR_CPUS:8192 nr_cpumask_bits:2 nr_cpu_ids:2 nr_node_ids:1
[    0.000000] percpu: Embedded 50 pages/cpu s167936 r8192 d28672 u1048576
[    0.000000] PV qspinlock hash table entries: 256 (order: 0, 4096 bytes)
[    0.000000] Built 1 zonelists, mobility grouping on.  Total pages: 257913
[    0.000000] Policy zone: DMA32
[    0.000000] Kernel command line: BOOT_IMAGE=/boot/vmlinuz-4.15.0-200-generic root=LABEL=cloudimg-rootfs ro console=tty1 console=ttyS0
[    0.000000] Memory: 982648K/1048120K available (12300K kernel code, 2477K rwdata, 4320K rodata, 2472K init, 2720K bss, 65472K reserved, 0K cma-reserved)
[    0.000000] SLUB: HWalign=64, Order=0-3, MinObjects=0, CPUs=2, Nodes=1
[    0.000000] Kernel/User page tables isolation: enabled
[    0.000000] ftrace: allocating 39478 entries in 155 pages
[    0.004000] Hierarchical RCU implementation.
[    0.004000] 	RCU restricting CPUs from NR_CPUS=8192 to nr_cpu_ids=2.
[    0.004000] 	Tasks RCU enabled.
[    0.004000] RCU: Adjusting geometry for rcu_fanout_leaf=16, nr_cpu_ids=2
[    0.004000] NR_IRQS: 524544, nr_irqs: 440, preallocated irqs: 16
[    0.004000] random: crng init done
[    0.004000] Console: colour VGA+ 80x25
[    0.004000] console [tty1] enabled
[    0.004000] console [ttyS0] enabled
[    0.004000] ACPI: Core revision 20170831
[    0.004000] ACPI: 2 ACPI AML tables successfully acquired and loaded
[    0.004000] APIC: Switch to symmetric I/O mode setup
[    0.004000] x2apic enabled
[    0.004022] Switched APIC routing to physical x2apic.
[    0.012000] ..TIMER: vector=0x30 apic1=0 pin1=2 apic2=-1 pin2=-1
[    0.012021] tsc: Detected 1696.072 MHz processor
[    0.016054] Calibrating delay loop (skipped) preset value.. 3392.14 BogoMIPS (lpj=6784288)
[    0.020024] pid_max: default: 32768 minimum: 301
[    0.024161] Security Framework initialized
[    0.028025] Yama: becoming mindful.
[    0.031226] AppArmor: AppArmor initialized
[    0.040207] Dentry cache hash table entries: 131072 (order: 8, 1048576 bytes)
[    0.044348] Inode-cache hash table entries: 65536 (order: 7, 524288 bytes)
[    0.048096] Mount-cache hash table entries: 2048 (order: 2, 16384 bytes)
[    0.052069] Mountpoint-cache hash table entries: 2048 (order: 2, 16384 bytes)
[    0.056956] Last level iTLB entries: 4KB 1024, 2MB 1024, 4MB 1024
[    0.060030] Last level dTLB entries: 4KB 1024, 2MB 1024, 4MB 1024, 1GB 4
[    0.064024] Spectre V1 : Mitigation: usercopy/swapgs barriers and __user pointer sanitization
[    0.068021] Spectre V2 : Mitigation: Retpolines
[    0.072014] Spectre V2 : Spectre v2 / SpectreRSB mitigation: Filling RSB on context switch
[    0.076023] Speculative Store Bypass: Vulnerable
[    0.080240] MDS: Vulnerable: Clear CPU buffers attempted, no microcode
[    0.084021] SRBDS: Unknown: Dependent on hypervisor status
[    0.092324] Freeing SMP alternatives memory: 36K
[    0.215538] smpboot: CPU0: Intel(R) Core(TM) i3-4005U CPU @ 1.70GHz (family: 0x6, model: 0x45, stepping: 0x1)
[    0.216357] Performance Events: unsupported p6 CPU model 69 no PMU driver, software events only.
[    0.220245] Hierarchical SRCU implementation.
[    0.230186] NMI watchdog: Perf event create on CPU 0 failed with -2
[    0.236053] NMI watchdog: Perf NMI watchdog permanently disabled
[    0.240327] smp: Bringing up secondary CPUs ...
[    0.244390] x86: Booting SMP configuration:
[    0.248015] .... node  #0, CPUs:      #1
[    0.004000] kvm-clock: cpu 1, msr 0:3ff44041, secondary cpu clock
[    0.264136] smp: Brought up 1 node, 2 CPUs
[    0.267853] smpboot: Max logical packages: 1
[    0.268031] smpboot: Total of 2 processors activated (6784.28 BogoMIPS)
[    0.272759] devtmpfs: initialized
[    0.276859] x86/mm: Memory block size: 128MB
[    0.284513] evm: security.selinux
[    0.287740] evm: security.SMACK64
[    0.288017] evm: security.SMACK64EXEC
[    0.292024] evm: security.SMACK64TRANSMUTE
[    0.296029] evm: security.SMACK64MMAP
[    0.300021] evm: security.apparmor
[    0.304015] evm: security.ima
[    0.308024] evm: security.capability
[    0.312438] clocksource: jiffies: mask: 0xffffffff max_cycles: 0xffffffff, max_idle_ns: 7645041785100000 ns
[    0.316094] futex hash table entries: 512 (order: 3, 32768 bytes)
[    0.320758] pinctrl core: initialized pinctrl subsystem
[    0.328531] RTC time: 10:15:19, date: 12/24/22
[    0.336626] NET: Registered protocol family 16
[    0.340488] audit: initializing netlink subsys (disabled)
[    0.348892] audit: type=2000 audit(1671876928.162:1): state=initialized audit_enabled=0 res=1
[    0.364111] cpuidle: using governor ladder
[    0.368049] cpuidle: using governor menu
[    0.372229] ACPI: bus type PCI registered
[    0.376030] acpiphp: ACPI Hot Plug PCI Controller Driver version: 0.5
[    0.385115] PCI: Using configuration type 1 for base access
[    0.400320] HugeTLB registered 2.00 MiB page size, pre-allocated 0 pages
[    0.408279] ACPI: Added _OSI(Module Device)
[    0.411575] ACPI: Added _OSI(Processor Device)
[    0.412051] ACPI: Added _OSI(3.0 _SCP Extensions)
[    0.416018] ACPI: Added _OSI(Processor Aggregator Device)
[    0.420018] ACPI: Added _OSI(Linux-Dell-Video)
[    0.424028] ACPI: Added _OSI(Linux-Lenovo-NV-HDMI-Audio)
[    0.428031] ACPI: Added _OSI(Linux-HPI-Hybrid-Graphics)
[    0.432956] ACPI: Executed 1 blocks of module-level executable AML code
[    0.457698] ACPI: Interpreter enabled
[    0.460544] ACPI: (supports S0 S5)
[    0.464024] ACPI: Using IOAPIC for interrupt routing
[    0.470402] PCI: Using host bridge windows from ACPI; if necessary, use "pci=nocrs" and report a bug
[    0.473004] ACPI: Enabled 2 GPEs in block 00 to 07
[    0.517163] ACPI: PCI Root Bridge [PCI0] (domain 0000 [bus 00-ff])
[    0.520042] acpi PNP0A03:00: _OSC: OS supports [ASPM ClockPM Segments MSI]
[    0.529832] acpi PNP0A03:00: _OSC: not requesting OS control; OS requires [ExtendedConfig ASPM ClockPM MSI]
[    0.532087] acpi PNP0A03:00: fail to add MMCONFIG information, can't access extended PCI configuration space under this bridge.
[    0.537681] PCI host bridge to bus 0000:00
[    0.540082] pci_bus 0000:00: root bus resource [io  0x0000-0x0cf7 window]
[    0.544015] pci_bus 0000:00: root bus resource [io  0x0d00-0xffff window]
[    0.548014] pci_bus 0000:00: root bus resource [mem 0x000a0000-0x000bffff window]
[    0.552028] pci_bus 0000:00: root bus resource [mem 0x40000000-0xfdffffff window]
[    0.556021] pci_bus 0000:00: root bus resource [bus 00-ff]
[    0.567959] pci 0000:00:01.1: legacy IDE quirk: reg 0x10: [io  0x01f0-0x01f7]
[    0.568020] pci 0000:00:01.1: legacy IDE quirk: reg 0x14: [io  0x03f6]
[    0.572016] pci 0000:00:01.1: legacy IDE quirk: reg 0x18: [io  0x0170-0x0177]
[    0.576053] pci 0000:00:01.1: legacy IDE quirk: reg 0x1c: [io  0x0376]
[    0.641797] pci 0000:00:07.0: quirk: [io  0x4000-0x403f] claimed by PIIX4 ACPI
[    0.644098] pci 0000:00:07.0: quirk: [io  0x4100-0x410f] claimed by PIIX4 SMB
[    0.691940] ACPI: PCI Interrupt Link [LNKA] (IRQs 5 9 10 *11)
[    0.697359] ACPI: PCI Interrupt Link [LNKB] (IRQs 5 9 *10 11)
[    0.700468] ACPI: PCI Interrupt Link [LNKC] (IRQs 5 *9 10 11)
[    0.704391] ACPI: PCI Interrupt Link [LNKD] (IRQs 5 9 10 *11)
[    0.712444] SCSI subsystem initialized
[    0.716210] pci 0000:00:02.0: vgaarb: setting as boot VGA device
[    0.720000] pci 0000:00:02.0: vgaarb: VGA device added: decodes=io+mem,owns=io+mem,locks=none
[    0.720093] pci 0000:00:02.0: vgaarb: bridge control possible
[    0.724022] vgaarb: loaded
[    0.728270] ACPI: bus type USB registered
[    0.732095] usbcore: registered new interface driver usbfs
[    0.736044] usbcore: registered new interface driver hub
[    0.740138] usbcore: registered new device driver usb
[    0.744299] EDAC MC: Ver: 3.0.0
[    0.748738] PCI: Using ACPI for IRQ routing
[    0.752872] NetLabel: Initializing
[    0.756016] NetLabel:  domain hash size = 128
[    0.759269] NetLabel:  protocols = UNLABELED CIPSOv4 CALIPSO
[    0.760102] NetLabel:  unlabeled traffic allowed by default
[    0.764291] clocksource: Switched to clocksource kvm-clock
[    0.811769] VFS: Disk quotas dquot_6.6.0
[    0.814542] VFS: Dquot-cache hash table entries: 512 (order 0, 4096 bytes)
[    0.819022] AppArmor: AppArmor Filesystem Enabled
[    0.823049] pnp: PnP ACPI init
[    0.829137] pnp: PnP ACPI: found 3 devices
[    0.859614] clocksource: acpi_pm: mask: 0xffffff max_cycles: 0xffffff, max_idle_ns: 2085701024 ns
[    0.866818] NET: Registered protocol family 2
[    0.872523] IP idents hash table entries: 16384 (order: 5, 131072 bytes)
[    0.881145] TCP established hash table entries: 8192 (order: 4, 65536 bytes)
[    0.886051] TCP bind hash table entries: 8192 (order: 5, 131072 bytes)
[    0.892259] TCP: Hash tables configured (established 8192 bind 8192)
[    0.897911] UDP hash table entries: 512 (order: 2, 16384 bytes)
[    0.903326] UDP-Lite hash table entries: 512 (order: 2, 16384 bytes)
[    0.907721] NET: Registered protocol family 1
[    0.910771] pci 0000:00:00.0: Limiting direct PCI/PCI transfers
[    0.914448] pci 0000:00:01.0: Activating ISA DMA hang workarounds
[    0.918313] pci 0000:00:02.0: Video device with shadowed ROM at [mem 0x000c0000-0x000dffff]
[    0.925122] Unpacking initramfs...
[    2.222553] Freeing initrd memory: 19532K
[    2.226473] clocksource: tsc: mask: 0xffffffffffffffff max_cycles: 0x1872a8bea72, max_idle_ns: 440795261668 ns
[    2.234245] platform rtc_cmos: registered platform RTC device (no PNP device found)
[    2.241881] Scanning for low memory corruption every 60 seconds
[    2.250416] Initialise system trusted keyrings
[    2.256615] Key type blacklist registered
[    2.260662] workingset: timestamp_bits=36 max_order=18 bucket_order=0
[    2.271980] zbud: loaded
[    2.276714] squashfs: version 4.0 (2009/01/31) Phillip Lougher
[    2.281894] fuse init (API version 7.26)
[    2.299357] Key type asymmetric registered
[    2.304463] Asymmetric key parser 'x509' registered
[    2.308340] Block layer SCSI generic (bsg) driver version 0.4 loaded (major 246)
[    2.314476] io scheduler noop registered
[    2.317707] io scheduler deadline registered
[    2.321568] io scheduler cfq registered (default)
[    2.326398] ACPI: AC Adapter [AC] (off-line)
[    2.329852] input: Power Button as /devices/LNXSYSTM:00/LNXPWRBN:00/input/input0
[    2.337807] ACPI: Power Button [PWRF]
[    2.340956] input: Sleep Button as /devices/LNXSYSTM:00/LNXSLPBN:00/input/input1
[    2.346114] ACPI: Sleep Button [SLPF]
[    2.354643] ACPI: Battery Slot [BAT0] (battery present)
[    2.359002] Serial: 8250/16550 driver, 32 ports, IRQ sharing enabled
[    2.386341] 00:02: ttyS0 at I/O 0x3f8 (irq = 4, base_baud = 115200) is a 16550A
[    2.407959] Linux agpgart interface v0.103
[    2.425147] loop: module loaded
[    2.429732] scsi host0: ata_piix
[    2.434955] scsi host1: ata_piix
[    2.438847] ata1: PATA max UDMA/33 cmd 0x1f0 ctl 0x3f6 bmdma 0xd000 irq 14
[    2.444240] ata2: PATA max UDMA/33 cmd 0x170 ctl 0x376 bmdma 0xd008 irq 15
[    2.449370] tun: Universal TUN/TAP device driver, 1.6
[    2.455284] PPP generic driver version 2.4.2
[    2.459123] ehci_hcd: USB 2.0 'Enhanced' Host Controller (EHCI) Driver
[    2.463715] ehci-pci: EHCI PCI platform driver
[    2.467843] ehci-platform: EHCI generic platform driver
[    2.473204] ohci_hcd: USB 1.1 'Open' Host Controller (OHCI) Driver
[    2.478229] ohci-pci: OHCI PCI platform driver
[    2.481590] ohci-platform: OHCI generic platform driver
[    2.485946] uhci_hcd: USB Universal Host Controller Interface driver
[    2.491444] i8042: PNP: PS/2 Controller [PNP0303:PS2K,PNP0f03:PS2M] at 0x60,0x64 irq 1,12
[    2.498541] serio: i8042 KBD port at 0x60,0x64 irq 1
[    2.504221] serio: i8042 AUX port at 0x60,0x64 irq 12
[    2.509019] mousedev: PS/2 mouse device common for all mice
[    2.515985] input: AT Translated Set 2 keyboard as /devices/platform/i8042/serio0/input/input2
[    2.520645] rtc_cmos rtc_cmos: rtc core: registered rtc_cmos as rtc0
[    2.528526] rtc_cmos rtc_cmos: alarms up to one day, 114 bytes nvram
[    2.533657] i2c /dev entries driver
[    2.537142] device-mapper: uevent: version 1.0.3
[    2.541759] device-mapper: ioctl: 4.37.0-ioctl (2017-09-20) initialised: dm-devel@redhat.com
[    2.548048] ledtrig-cpu: registered to indicate activity on CPUs
[    2.557990] NET: Registered protocol family 10
[    2.579033] Segment Routing with IPv6
[    2.582251] NET: Registered protocol family 17
[    2.587882] Key type dns_resolver registered
[    2.593817] mce: Using 0 MCE banks
[    2.596348] RAS: Correctable Errors collector initialized.
[    2.601587] sched_clock: Marking stable (2601487062, 0)->(3666621693, -1065134631)
[    2.609217] registered taskstats version 1
[    2.620867] Loading compiled-in X.509 certificates
[    2.655837] Loaded X.509 cert 'Build time autogenerated kernel key: 29e5beaa583364da097e68c9386761f80dbce7ef'
[    2.666498] Loaded X.509 cert 'Canonical Ltd. Live Patch Signing: 14df34d1a87cf37625abec039ef2bf521249b969'
[    2.677249] Loaded X.509 cert 'Canonical Ltd. Kernel Module Signing: 88f752e560a1e0737e31163a466ad7b70a850c19'
[    2.684815] blacklist: Loading compiled-in revocation X.509 certificates
[    2.690335] Loaded X.509 cert 'Canonical Ltd. Secure Boot Signing: 61482aa2830d0ab2ad5af10b7250da9033ddcef0'
[    2.697366] zswap: loaded using pool lzo/zbud
[    2.720820] Key type big_key registered
[    2.724180] Key type trusted registered
[    2.735367] Key type encrypted registered
[    2.738681] AppArmor: AppArmor sha1 policy hashing enabled
[    2.742717] ima: No TPM chip found, activating TPM-bypass! (rc=-19)
[    2.747205] ima: Allocated hash algorithm: sha1
[    2.750881] evm: HMAC attrs: 0x1
[    2.756306]   Magic number: 2:620:275
[    2.759238] tty tty12: hash matches
[    2.762026] edac mc: hash matches
[    2.764945] rtc_cmos rtc_cmos: setting system clock to 2022-12-24 10:15:21 UTC (1671876921)
[    2.772934] BIOS EDD facility v0.16 2004-Jun-25, 0 devices found
[    2.777094] EDD information not available.
[    2.791938] Freeing unused kernel image memory: 2472K
[    2.812871] Write protecting the kernel read-only data: 20480k
[    2.821141] Freeing unused kernel image memory: 2008K
[    2.827036] Freeing unused kernel image memory: 1824K
[    2.881734] x86/mm: Checked W+X mappings: passed, no W+X pages found.
[    2.889390] x86/mm: Checking user space page tables
[    2.946376] x86/mm: Checked W+X mappings: passed, no W+X pages found.
Loading, please wait...
starting version 237
[    3.296231] Fusion MPT base driver 3.04.20
[    3.299042] Copyright (c) 1999-2008 LSI Corporation
[    3.307641] e1000: Intel(R) PRO/1000 Network Driver - version 7.3.21-k8-NAPI
[    3.314667] e1000: Copyright (c) 1999-2006 Intel Corporation.
[    3.338993] Fusion MPT SPI Host driver 3.04.20
[    3.349140] mptbase: ioc0: Initiating bringup
[    3.442030] AVX2 version of gcm_enc/dec engaged.
[    3.445537] ioc0: LSI53C1030 A0: Capabilities={Initiator}
[    3.445942] AES CTR mode by8 optimization enabled
[    3.560574] input: ImExPS/2 Generic Explorer Mouse as /devices/platform/i8042/serio1/input/input4
[    4.725827] scsi host2: ioc0: LSI53C1030 A0, FwRev=00000000h, Ports=1, MaxQ=256, IRQ=20
[    5.026351] scsi 2:0:0:0: Direct-Access     VBOX     HARDDISK         1.0  PQ: 0 ANSI: 5
[    5.061199] scsi target2:0:0: Beginning Domain Validation
[    5.138159] scsi target2:0:0: Domain Validation skipping write tests
[    5.143547] scsi target2:0:0: Ending Domain Validation
[    5.148767] scsi target2:0:0: asynchronous
[    5.156570] scsi 2:0:1:0: Direct-Access     VBOX     HARDDISK         1.0  PQ: 0 ANSI: 5
[    5.514887] scsi target2:0:1: Beginning Domain Validation
[    5.533939] scsi target2:0:1: Domain Validation skipping write tests
[    5.540810] scsi target2:0:1: Ending Domain Validation
[    5.548180] scsi target2:0:1: asynchronous
[    5.578865] sd 2:0:0:0: Attached scsi generic sg0 type 0
[    5.589980] sd 2:0:1:0: Attached scsi generic sg1 type 0
[    5.598502] sd 2:0:0:0: [sda] 83886080 512-byte logical blocks: (42.9 GB/40.0 GiB)
[    5.607947] sd 2:0:1:0: [sdb] 20480 512-byte logical blocks: (10.5 MB/10.0 MiB)
[    5.623537] sd 2:0:0:0: [sda] Write Protect is off
[    5.628754] sd 2:0:1:0: [sdb] Write Protect is off
[    5.636095] sd 2:0:0:0: [sda] Incomplete mode parameter data
[    5.640401] sd 2:0:0:0: [sda] Assuming drive cache: write through
[    5.648325] sd 2:0:1:0: [sdb] Incomplete mode parameter data
[    5.654097] sd 2:0:1:0: [sdb] Assuming drive cache: write through
[    5.718611]  sda: sda1
[    5.739887] sd 2:0:0:0: [sda] Attached SCSI disk
[    5.754645] sd 2:0:1:0: [sdb] Attached SCSI disk
[    6.003172] e1000 0000:00:03.0 eth0: (PCI:33MHz:32-bit) 02:40:49:ac:f0:20
[    6.007045] e1000 0000:00:03.0 eth0: Intel(R) PRO/1000 Network Connection
[    6.895669] e1000 0000:00:08.0 eth1: (PCI:33MHz:32-bit) 08:00:27:b8:5e:15
[    6.901458] e1000 0000:00:08.0 eth1: Intel(R) PRO/1000 Network Connection
[    6.910191] e1000 0000:00:03.0 enp0s3: renamed from eth0
[    6.929136] e1000 0000:00:08.0 enp0s8: renamed from eth1
Begin: Loading essential drivers ... [    9.480236] raid6: sse2x1   gen()  1648 MB/s
[    9.528553] raid6: sse2x1   xor()  1211 MB/s
[    9.580307] raid6: sse2x2   gen()  1684 MB/s
[    9.632162] raid6: sse2x2   xor()   927 MB/s
[    9.680260] raid6: sse2x4   gen()  1836 MB/s
[    9.728630] raid6: sse2x4   xor()  1364 MB/s
[    9.776282] raid6: avx2x1   gen()  2724 MB/s
[    9.828061] raid6: avx2x1   xor()  2573 MB/s
[    9.876153] raid6: avx2x2   gen()  5107 MB/s
[    9.924180] raid6: avx2x2   xor()  3488 MB/s
[    9.972210] raid6: avx2x4   gen()  6351 MB/s
[   10.020174] raid6: avx2x4   xor()  4314 MB/s
[   10.023464] raid6: using algorithm avx2x4 gen() 6351 MB/s
[   10.027310] raid6: .... xor() 4314 MB/s, rmw enabled
[   10.030836] raid6: using avx2x2 recovery algorithm
[   10.041678] xor: automatically using best checksumming function   avx       
[   10.051743] async_tx: api initialized (async)
done.
Begin: Running /scripts/init-premount ... done.
Begin: Mounting root file system ... Begin: Running /scripts/local-top ... done.
Begin: Running /scripts/local-premount ... [   10.227776] Btrfs loaded, crc32c=crc32c-intel
Scanning for Btrfs filesystems
done.
Warning: fsck not present, so skipping root file system
[   10.349664] EXT4-fs (sda1): mounted filesystem with ordered data mode. Opts: (null)
done.
Begin: Running /scripts/local-bottom ... done.
Begin: Running /scripts/init-bottom ... done.
[   11.276589] ip_tables: (C) 2000-2006 Netfilter Core Team
[   11.327092] systemd[1]: systemd 237 running in system mode. (+PAM +AUDIT +SELINUX +IMA +APPARMOR +SMACK +SYSVINIT +UTMP +LIBCRYPTSETUP +GCRYPT +GNUTLS +ACL +XZ +LZ4 +SECCOMP +BLKID +ELFUTILS +KMOD -IDN2 +IDN -PCRE2 default-hierarchy=hybrid)
[   11.341866] systemd[1]: Detected virtualization oracle.
[   11.345619] systemd[1]: Detected architecture x86-64.

Welcome to [1mUbuntu 18.04.6 LTS[0m!

[   11.379420] systemd[1]: Set hostname to <ubuntu>.
[   11.422179] systemd[1]: Initializing machine ID from random generator.
[   11.426934] systemd[1]: Installed transient /etc/machine-id file.
[   13.064827] systemd[1]: Started Forward Password Requests to Wall Directory Watch.
[[0;32m  OK  [0m] Started Forward Password Requests to Wall Directory Watch.
[   13.082474] systemd[1]: Created slice System Slice.
[[0;32m  OK  [0m] Created slice System Slice.
[   13.091235] systemd[1]: Listening on udev Kernel Socket.
[[0;32m  OK  [0m] Listening on udev Kernel Socket.
[   13.099827] systemd[1]: Listening on LVM2 metadata daemon socket.
[[0;32m  OK  [0m] Listening on LVM2 metadata daemon socket.
[[0;32m  OK  [0m] Listening on Journal Socket.
         Mounting POSIX Message Queue File System...
         Starting Uncomplicated firewall...
[[0;32m  OK  [0m] Listening on Syslog Socket.
[[0;32m  OK  [0m] Listening on Journal Socket (/dev/log).
[[0;32m  OK  [0m] Reached target Swap.
         Starting Set the console keyboard layout...
[[0;32m  OK  [0m] Created slice User and Session Slice.
[[0;32m  OK  [0m] Reached target Slices.
         Starting Load Kernel Modules...
[[0;32m  OK  [0m] Created slice system-serial\x2dgetty.slice.
[[0;32m  OK  [0m] Reached target User and Group Name Lookups.
[[0;32m  OK  [0m] Listening on LVM2 poll daemon socket.
         Mounting Kernel Debug File System...
[[0;32m  OK  [0m] Listening on Network Service Netlink Socket.
[[0;32m  OK  [0m] Listening on Device-mapper event daemon FIFOs.
         Starting Monitoring of LVM2 mirrorsâ€¦ng dmeventd or progress polling...
         Starting Create list of required stâ€¦ce nodes for the current kernel...
[[0;32m  OK  [0m] Listening on udev Control Socket.
         Starting udev Coldplug all Devices...
[[0;32m  OK  [0m] Reached target System Time Synchronized.
[[0;32m  OK  [0m] Listening on Journal Audit Socket.
         Starting Journal Service...
[[0;32m  OK  [0m] Set up automount Arbitrary Executabâ€¦rmats File System Automount Point.
[   13.311365] Loading iSCSI transport class v2.0-870.
[[0;32m  OK  [0m] Listening on /dev/initctl Compatibility Named Pipe.
[[0;32m  OK  [0m] Listening on fsck to fsckd communication Socket.
         Starting File System Check on Root Device...
         Mounting Huge Pages File System...
[[0;32m  OK  [0m] Mounted POSIX Message Queue File System.
[[0;32m  OK  [0m] Started Uncomplicated firewall.
[[0;32m  OK  [0m] Mounted Kernel Debug File System.
[[0;32m  OK  [0m] Started Create list of required staâ€¦vice nodes for the current kernel.
[[0;32m  OK  [0m] Mounted Huge Pages File System.
         Starting Create Static Device Nodes in /dev...
[[0;32m  OK  [0m] Started File System Check Daemon to report status.
[   13.700146] iscsi: registered transport (tcp)
[[0;32m  OK  [0m] Started udev Coldplug all Devices.
[[0;32m  OK  [0m] Started LVM2 metadata daemon.
[[0;32m  OK  [0m] Started Journal Service.
[[0;32m  OK  [0m] Started File System Check on Root Device.
         Starting Remount Root and Kernel File Systems...
[[0;32m  OK  [0m] Started Create Static Device Nodes in /dev.
[   14.156277] EXT4-fs (sda1): re-mounted. Opts: (null)
[[0;32m  OK  [0m] Started Remount Root and Kernel File Systems.
         Starting udev Kernel Device Manager...
         Starting Flush Journal to Persistent Storage...
         Starting Load/Save Random Seed...
[   14.376444] systemd-journald[418]: Received request to flush runtime journal from PID 1
[[0;32m  OK  [0m] Started Monitoring of LVM2 mirrors,â€¦sing dmeventd or progress polling.
[[0;32m  OK  [0m] Started Load/Save Random Seed.
[[0;32m  OK  [0m] Started udev Kernel Device Manager.
[[0;32m  OK  [0m] Started Flush Journal to Persistent Storage.
[   14.629326] iscsi: registered transport (iser)
[[0;32m  OK  [0m] Started Load Kernel Modules.
         Starting Apply Kernel Variables...
         Mounting FUSE Control File System...
         Mounting Kernel Configuration File System...
[[0;32m  OK  [0m] Mounted Kernel Configuration File System.
[[0;32m  OK  [0m] Mounted FUSE Control File System.
[[0;32m  OK  [0m] Started Apply Kernel Variables.
[[0;32m  OK  [0m] Found device /dev/ttyS0.
[[0;32m  OK  [0m] Listening on Load/Save RF Kill Switch Status /dev/rfkill Watch.
         Mounting Arbitrary Executable File Formats File System...
[[0;32m  OK  [0m] Mounted Arbitrary Executable File Formats File System.
[[0;32m  OK  [0m] Started Set the console keyboard layout.
[[0;32m  OK  [0m] Started Dispatch Password Requests to Console Directory Watch.
[[0;32m  OK  [0m] Reached target Local Encrypted Volumes.
[[0;32m  OK  [0m] Reached target Local File Systems (Pre).
[[0;32m  OK  [0m] Reached target Local File Systems.
         Starting Commit a transient machine-id on disk...
         Starting ebtables ruleset management...
         Starting Tell Plymouth To Write Out Runtime Data...
         Starting AppArmor initialization...
         Starting Set console font and keymap...
         Starting Create Volatile Files and Directories...
[[0;32m  OK  [0m] Started Tell Plymouth To Write Out Runtime Data.
[[0;32m  OK  [0m] Started Commit a transient machine-id on disk.
[[0;32m  OK  [0m] Started Create Volatile Files and Directories.
         Starting Update UTMP about System Boot/Shutdown...
[[0;32m  OK  [0m] Started Update UTMP about System Boot/Shutdown.
[[0;32m  OK  [0m] Started ebtables ruleset management.
[[0;32m  OK  [0m] Started AppArmor initialization.
         Starting Initial cloud-init job (pre-networking)...
         Starting Load AppArmor profiles managed internally by snapd...
[[0;32m  OK  [0m] Started Load AppArmor profiles managed internally by snapd.
[[0;32m  OK  [0m] Started Set console font and keymap.
[   30.059392] cloud-init[782]: Cloud-init v. 22.4.2-0ubuntu0~18.04.1 running 'init-local' at Sat, 24 Dec 2022 10:15:47 +0000. Up 28.30 seconds.
[[0;32m  OK  [0m] Started Initial cloud-init job (pre-networking).
[[0;32m  OK  [0m] Reached target Network (Pre).
         Starting Network Service...
[[0;32m  OK  [0m] Started Network Service.
         Starting Wait for Network to be Configured...
         Starting Network Name Resolution...
[[0;32m  OK  [0m] Started Network Name Resolution.
[[0;32m  OK  [0m] Reached target Network.
[[0;32m  OK  [0m] Reached target Host and Network Name Lookups.
[[0;32m  OK  [0m] Started Wait for Network to be Configured.
         Starting Initial cloud-init job (metadata service crawler)...
[   36.406112] cloud-init[935]: Cloud-init v. 22.4.2-0ubuntu0~18.04.1 running 'init' at Sat, 24 Dec 2022 10:15:53 +0000. Up 34.35 seconds.
[   36.414224] cloud-init[935]: ci-info: ++++++++++++++++++++++++++++++++++++++Net device info+++++++++++++++++++++++++++++++++++++++
[   36.424568] cloud-init[935]: ci-info: +--------+-------+----------------------------+---------------+--------+-------------------+
[   36.433971] cloud-init[935]: ci-info: | Device |   Up  |          Address           |      Mask     | Scope  |     Hw-Address    |
[   36.443693] cloud-init[935]: ci-info: +--------+-------+----------------------------+---------------+--------+-------------------+
[   36.465131] cloud-init[935]: ci-info: | enp0s3 |  True |         10.0.2.15          | 255.255.255.0 | global | 02:40:49:ac:f0:20 |
[   36.473645] cloud-init[935]: ci-info: | enp0s3 |  True | fe80::40:49ff:feac:f020/64 |       .       |  link  | 02:40:49:ac:f0:20 |
[   36.493057] cloud-init[935]: ci-info: | enp0s8 | False |             .              |       .       |   .    | 08:00:27:b8:5e:15 |
[   36.499991] cloud-init[935]: ci-info: |   lo   |  True |         127.0.0.1          |   255.0.0.0   |  host  |         .         |
[   36.511977] cloud-init[935]: ci-info: |   lo   |  True |          ::1/128           |       .       |  host  |         .         |
[   36.527650] cloud-init[935]: ci-info: +--------+-------+----------------------------+---------------+--------+-------------------+
[   36.549022] cloud-init[935]: ci-info: ++++++++++++++++++++++++++++Route IPv4 info+++++++++++++++++++++++++++++
[   36.568703] cloud-init[935]: ci-info: +-------+-------------+----------+-----------------+-----------+-------+
[   36.576677] cloud-init[935]: ci-info: | Route | Destination | Gateway  |     Genmask     | Interface | Flags |
[   36.585127] cloud-init[935]: ci-info: +-------+-------------+----------+-----------------+-----------+-------+
[   36.597747] cloud-init[935]: ci-info: |   0   |   0.0.0.0   | 10.0.2.2 |     0.0.0.0     |   enp0s3  |   UG  |
[   36.608340] cloud-init[935]: ci-info: |   1   |   10.0.2.0  | 0.0.0.0  |  255.255.255.0  |   enp0s3  |   U   |
[   36.621131] cloud-init[935]: ci-info: |   2   |   10.0.2.2  | 0.0.0.0  | 255.255.255.255 |   enp0s3  |   UH  |
[   36.643090] cloud-init[935]: ci-info: +-------+-------------+----------+-----------------+-----------+-------+
[   36.652655] cloud-init[935]: ci-info: +++++++++++++++++++Route IPv6 info+++++++++++++++++++
[   36.656626] cloud-init[935]: ci-info: +-------+-------------+---------+-----------+-------+
[   36.661086] cloud-init[935]: ci-info: | Route | Destination | Gateway | Interface | Flags |
[   36.665299] cloud-init[935]: ci-info: +-------+-------------+---------+-----------+-------+
[   36.669543] cloud-init[935]: ci-info: |   1   |  fe80::/64  |    ::   |   enp0s3  |   U   |
[   36.674219] cloud-init[935]: ci-info: |   3   |    local    |    ::   |   enp0s3  |   U   |
[   36.679343] cloud-init[935]: ci-info: |   4   |   ff00::/8  |    ::   |   enp0s3  |   U   |
[   36.683973] cloud-init[935]: ci-info: +-------+-------------+---------+-----------+-------+
[   41.322866] cloud-init[935]: Generating public/private rsa key pair.
[   41.326216] cloud-init[935]: Your identification has been saved in /etc/ssh/ssh_host_rsa_key.
[   41.330653] cloud-init[935]: Your public key has been saved in /etc/ssh/ssh_host_rsa_key.pub.
[   41.334780] cloud-init[935]: The key fingerprint is:
[   41.337350] cloud-init[935]: SHA256:okXousco9ptc/MIa10ohfJ2twhqEKRRdq3yZi9TGa84 root@ubuntu-bionic
[   41.341451] cloud-init[935]: The key's randomart image is:
[   41.344048] cloud-init[935]: +---[RSA 2048]----+
[   41.346396] cloud-init[935]: | .. ..           |
[   41.348941] cloud-init[935]: |  .. ..          |
[   41.350551] cloud-init[935]: | .  ...          |
[   41.352251] cloud-init[935]: |. =.+.+ o        |
[   41.353602] cloud-init[935]: |.o B.XooS.       |
[   41.355120] cloud-init[935]: |. o.Oo=..        |
[   41.356586] cloud-init[935]: |  .*o@ o         |
[   41.358364] cloud-init[935]: |..o.#o+          |
[   41.360494] cloud-init[935]: |..oOoE..         |
[   41.362727] cloud-init[935]: +----[SHA256]-----+
[   41.364984] cloud-init[935]: Generating public/private dsa key pair.
[   41.367939] cloud-init[935]: Your identification has been saved in /etc/ssh/ssh_host_dsa_key.
[   41.371697] cloud-init[935]: Your public key has been saved in /etc/ssh/ssh_host_dsa_key.pub.
[   41.375597] cloud-init[935]: The key fingerprint is:
[   41.377905] cloud-init[935]: SHA256:rylDA96SOpfJaxPoFKw/jqT9n3LLcGzyIQugGPmT7Ys root@ubuntu-bionic
[   41.381925] cloud-init[935]: The key's randomart image is:
[   41.384519] cloud-init[935]: +---[DSA 1024]----+
[   41.386687] cloud-init[935]: |                 |
[   41.389006] cloud-init[935]: |                 |
[   41.391319] cloud-init[935]: | .               |
[   41.393997] cloud-init[935]: | .o .            |
[   41.396346] cloud-init[935]: |+. + +  S        |
[   41.408688] cloud-init[935]: |++oo=.+  .       |
[   41.411037] cloud-init[935]: |o==o=*=.  .      |
[   41.413590] cloud-init[935]: |oo*=OX+o o       |
[   41.416048] cloud-init[935]: |o.E**B*+o        |
[   41.418621] cloud-init[935]: +----[SHA256]-----+
[   41.420645] cloud-init[935]: Generating public/private ecdsa key pair.
[   41.425466] cloud-init[935]: Your identification has been saved in /etc/ssh/ssh_host_ecdsa_key.
[   41.444577] cloud-init[935]: Your public key has been saved in /etc/ssh/ssh_host_ecdsa_key.pub.
[   41.448912] cloud-init[935]: The key fingerprint is:
[   41.451753] cloud-init[935]: SHA256:7UzBKfX/uC1+dTIl89OUa5Bi6g0g5YGtnUbKhOuK7yU root@ubuntu-bionic
[   41.455667] cloud-init[935]: The key's randomart image is:
[   41.458157] cloud-init[935]: +---[ECDSA 256]---+
[   41.472745] cloud-init[935]: |    . o   .      |
[   41.475088] cloud-init[935]: |   . o = o o     |
[   41.477518] cloud-init[935]: |    + B + + . . .|
[   41.479770] cloud-init[935]: |   . = * o + +o.o|
[   41.482485] cloud-init[935]: |  .   o S = . o*o|
[   41.484826] cloud-init[935]: |   .     *    o*=|
[   41.486865] cloud-init[935]: |. E .   . =   oo=|
[   41.489183] cloud-init[935]: |.. o     . .  .o.|
[   41.504730] cloud-init[935]: | oo          .oo.|
[   41.507009] cloud-init[935]: +----[SHA256]-----+
[   41.509416] cloud-init[935]: Generating public/private ed25519 key pair.
[   41.512469] cloud-init[935]: Your identification has been saved in /etc/ssh/ssh_host_ed25519_key.
[   41.516484] cloud-init[935]: Your public key has been saved in /etc/ssh/ssh_host_ed25519_key.pub.
[   41.520571] cloud-init[935]: The key fingerprint is:
[   41.522980] cloud-init[935]: SHA256:X13GhhS2r17elzrk6fksfJ+YEKjigzCYt3/vIQ1zwjQ root@ubuntu-bionic
[   41.526880] cloud-init[935]: The key's randomart image is:
[   41.529830] cloud-init[935]: +--[ED25519 256]--+
[   41.532511] cloud-init[935]: |              +. |
[   41.535026] cloud-init[935]: |             o + |
[   41.537881] cloud-init[935]: |      E       o =|
[   41.540226] cloud-init[935]: |     o .  .  . = |
[   41.542703] cloud-init[935]: |..    = S. .. . .|
[   41.545202] cloud-init[935]: |oo.    *.. ... . |
[   41.547570] cloud-init[935]: | .o.....o ..+ o o|
[   41.549824] cloud-init[935]: |  ....o. .  .B==+|
[   41.552268] cloud-init[935]: |   ..o.oo   .*B+*|
[   41.554501] cloud-init[935]: +----[SHA256]-----+
[[0;32m  OK  [0m] Started Initial cloud-init job (metadata service crawler).
[[0;32m  OK  [0m] Reached target Cloud-config availability.
[[0;32m  OK  [0m] Reached target Network is Online.
         Starting Availability of block devices...
[[0;32m  OK  [0m] Reached target Remote File Systems (Pre).
[[0;32m  OK  [0m] Reached target Remote File Systems.
[[0;32m  OK  [0m] Reached target System Initialization.
[[0;32m  OK  [0m] Listening on Open-iSCSI iscsid Socket.
[[0;32m  OK  [0m] Started Discard unused blocks once a week.
[[0;32m  OK  [0m] Started Daily apt download activities.
[[0;32m  OK  [0m] Started Daily apt upgrade and clean activities.
[[0;32m  OK  [0m] Started Ubuntu Advantage Timer for running repeated jobs.
[[0;32m  OK  [0m] Started Message of the Day.
         Starting Socket activation for snappy daemon.
[[0;32m  OK  [0m] Listening on ACPID Listen Socket.
[[0;32m  OK  [0m] Listening on D-Bus System Message Bus Socket.
[[0;32m  OK  [0m] Listening on UUID daemon activation socket.
[[0;32m  OK  [0m] Started Daily Cleanup of Temporary Directories.
[[0;32m  OK  [0m] Reached target Timers.
[[0;32m  OK  [0m] Listening on cloud-init hotplug hook socket.
[[0;32m  OK  [0m] Started ACPI Events Check.
[[0;32m  OK  [0m] Reached target Paths.
         Starting LXD - unix socket.
[[0;32m  OK  [0m] Started Availability of block devices.
[[0;32m  OK  [0m] Listening on Socket activation for snappy daemon.
[[0;32m  OK  [0m] Listening on LXD - unix socket.
[[0;32m  OK  [0m] Reached target Sockets.
[[0;32m  OK  [0m] Reached target Basic System.
         Starting Login Service...
         Starting LXD - container startup/shutdown...
         Starting Accounts Service...
[[0;32m  OK  [0m] Started D-Bus System Message Bus.
[[0;32m  OK  [0m] Started Deferred execution scheduler.
         Starting LSB: Record successful boot for GRUB...
         Starting Dispatcher daemon for systemd-networkd...
[[0;32m  OK  [0m] Reached target Login Prompts (Pre).
         Starting Permit User Sessions...
         Starting LSB: automatic crash report generation...
         Starting System Logging Service...
[[0;32m  OK  [0m] Started FUSE filesystem for LXC.
         Starting Virtualbox guest utils...
[[0;32m  OK  [0m] Started irqbalance daemon.
         Starting Pollinate to seed the pseudo random number generator...
[[0;32m  OK  [0m] Started Regular background program processing daemon.
         Starting Snap Daemon...
[[0;32m  OK  [0m] Started System Logging Service.
[[0;32m  OK  [0m] Started Permit User Sessions.
[[0;32m  OK  [0m] Started Login Service.
         Starting Authorization Manager...
[[0;32m  OK  [0m] Started Unattended Upgrades Shutdown.
         Starting Hold until boot process finishes up...
         Starting Terminate Plymouth Boot Screen...
[[0;32m  OK  [0m] Started Hold until boot process finishes up.
[[0;32m  OK  [0m] Started Serial Getty on ttyS0.
         Starting Set console scheme...
[[0;32m  OK  [0m] Started LSB: automatic crash report generation.
[[0;32m  OK  [0m] Started Terminate Plymouth Boot Screen.
[[0;32m  OK  [0m] Started Set console scheme.
[[0;32m  OK  [0m] Created slice system-getty.slice.
[[0;32m  OK  [0m] Started Getty on tty1.
[[0;32m  OK  [0m] Reached target Login Prompts.
[[0;32m  OK  [0m] Started Authorization Manager.
[[0;32m  OK  [0m] Started LSB: Record successful boot for GRUB.
[[0;32m  OK  [0m] Started Accounts Service.
[[0;32m  OK  [0m] Started Virtualbox guest utils.
[[0;32m  OK  [0m] Started Dispatcher daemon for systemd-networkd.
[[0;32m  OK  [0m] Started LXD - container startup/shutdown.
[[0;32m  OK  [0m] Started Snap Daemon.
         Starting Wait until snapd is fully seeded...
         Starting Time & Date Service...
[[0;32m  OK  [0m] Started Time & Date Service.

Ubuntu 18.04.6 LTS ubuntu-bionic ttyS0

ubuntu-bionic login: [   57.915381] cloud-init[1509]: Cloud-init v. 22.4.2-0ubuntu0~18.04.1 running 'modules:config' at Sat, 24 Dec 2022 10:16:13 +0000. Up 54.72 seconds.
ci-info: no authorized SSH keys fingerprints found for user ubuntu.
<14>Dec 24 10:16:20 cloud-init: #############################################################
<14>Dec 24 10:16:20 cloud-init: -----BEGIN SSH HOST KEY FINGERPRINTS-----
<14>Dec 24 10:16:20 cloud-init: 1024 SHA256:rylDA96SOpfJaxPoFKw/jqT9n3LLcGzyIQugGPmT7Ys root@ubuntu-bionic (DSA)
<14>Dec 24 10:16:20 cloud-init: 256 SHA256:7UzBKfX/uC1+dTIl89OUa5Bi6g0g5YGtnUbKhOuK7yU root@ubuntu-bionic (ECDSA)
<14>Dec 24 10:16:20 cloud-init: 256 SHA256:X13GhhS2r17elzrk6fksfJ+YEKjigzCYt3/vIQ1zwjQ root@ubuntu-bionic (ED25519)
<14>Dec 24 10:16:20 cloud-init: 2048 SHA256:okXousco9ptc/MIa10ohfJ2twhqEKRRdq3yZi9TGa84 root@ubuntu-bionic (RSA)
<14>Dec 24 10:16:20 cloud-init: -----END SSH HOST KEY FINGERPRINTS-----
<14>Dec 24 10:16:20 cloud-init: #############################################################
-----BEGIN SSH HOST KEY KEYS-----
ecdsa-sha2-nistp256 AAAAE2VjZHNhLXNoYTItbmlzdHAyNTYAAAAIbmlzdHAyNTYAAABBBFC9HpziIt/WfSqlnAfYamAmv9/mkHUKplmK39OtjI0D7XrFaWCBGJ9B3i5QvRoT+hWf6sBiLth7f94i1rryses= root@ubuntu-bionic
ssh-ed25519 AAAAC3NzaC1lZDI1NTE5AAAAIP/3jNVzu82diZA/vA/bJkdYVUWd3kQ/cagTD56NLfhy root@ubuntu-bionic
ssh-rsa AAAAB3NzaC1yc2EAAAADAQABAAABAQC6UN0ckPB4LzJpoExxMs3kuUmqku0mG18d7bJkYlMUOPuZMlSZVfomXuhnoUWpHgV/oazQQrIEbWftaL3hS1dqe0Q+VcEb2oxlAfKpz7dNDbZZaryfs1QHztr1+xs9rNDOdKFFbhhPTSoK0OcwtKCt6W1nAOGHcFJP3TXWrpUDqguRXyM5dn5RrcjODd+ptDl7CsPfQWGkYJGivrshHwTLay0GJs1FSl0s5tis7tofyGTUm9oLO7aAKaMNWkd2PW3OghUUD+Hs8regsA6I262WsynFZ5qaE/nWOib40QxFjd5auKKxCf9qznPCuZ1ejagSEFrqTa18lnRzO95N5d+F root@ubuntu-bionic
-----END SSH HOST KEY KEYS-----
[   61.945687] cloud-init[1644]: Cloud-init v. 22.4.2-0ubuntu0~18.04.1 running 'modules:final' at Sat, 24 Dec 2022 10:16:19 +0000. Up 60.95 seconds.
[   61.947579] cloud-init[1644]: Cloud-init v. 22.4.2-0ubuntu0~18.04.1 finished at Sat, 24 Dec 2022 10:16:20 +0000. Datasource DataSourceNoCloud [seed=/dev/sdb][dsmode=net].  Up 61.91 seconds
